// Jest Snapshot v1, https://goo.gl/fbAQLP

exports[`renders correctly 1`] = `
<Section
  inner={true}
>
  <Container
    className="h-100 mt-5"
    fluid={true}
  >
    <Row
      className="h-100"
    >
      <Col
        col="sm-6"
      >
        <canvas
          className="w-100 h-100"
        />
      </Col>
      <Col
        className="d-flex flex-column justify-content-around align-items-start"
        col="sm-6"
      >
        <Button
          disabled={false}
          onClick={[Function]}
          styles="primary large"
        >
          Create Maze
        </Button>
        <Button
          disabled={false}
          onClick={[Function]}
          styles="primary large"
        >
          Create Dungeon
        </Button>
      </Col>
    </Row>
  </Container>
</Section>
`;
