// Jest Snapshot v1, https://goo.gl/fbAQLP

exports[`renders correctly 1`] = `
<Section
  inner={true}
>
  <Container
    className="mt-2 mb-2"
    fluid={true}
  >
    <Row
      row="sm"
    >
      <Col
        className="d-flex justify-content-around align-items-center"
        col="sm"
      >
        <Button
          disabled={false}
          onClick={[Function]}
          styles="primary"
        >
          Shuffle
        </Button>
        <Button
          disabled={false}
          onClick={[Function]}
          styles="primary"
        >
          Reverse
        </Button>
        <Button
          disabled={false}
          onClick={[Function]}
          styles="primary"
        >
          Bubble Sort
        </Button>
        <Button
          disabled={false}
          onClick={[Function]}
          styles="primary"
        >
          Insertion Sort
        </Button>
        <Button
          disabled={false}
          onClick={[Function]}
          styles="primary"
        >
          Merge Sort (In Place)
        </Button>
        <Button
          disabled={false}
          onClick={[Function]}
          styles="primary"
        >
          Merge Sort
        </Button>
        <Button
          disabled={false}
          onClick={[Function]}
          styles="primary"
        >
          Quick Sort
        </Button>
      </Col>
    </Row>
  </Container>
  <canvas
    className="canvas"
    onClick={[Function]}
  />
</Section>
`;
